[    0.000000] Initializing cgroup subsys cpuset
[    0.000000] Initializing cgroup subsys cpu
[    0.000000] Initializing cgroup subsys cpuacct
[    0.000000] Linux version 4.4.0-146-generic (buildd@lcy01-amd64-025) (gcc version 5.4.0 20160609 (Ubuntu 5.4.0-6ubuntu1~16.04.10) ) #172-Ubuntu SMP Wed Apr 3 09:00:08 UTC 2019 (Ubuntu 4.4.0-146.172-generic 4.4.177)
[    0.000000] Command line: BOOT_IMAGE=/boot/vmlinuz-4.4.0-146-generic root=LABEL=cloudimg-rootfs ro console=tty1 console=ttyS0
[    0.000000] KERNEL supported cpus:
[    0.000000]   Intel GenuineIntel
[    0.000000]   AMD AuthenticAMD
[    0.000000]   Centaur CentaurHauls
[    0.000000] x86/fpu: xstate_offset[2]:  576, xstate_sizes[2]:  256
[    0.000000] x86/fpu: Supporting XSAVE feature 0x01: 'x87 floating point registers'
[    0.000000] x86/fpu: Supporting XSAVE feature 0x02: 'SSE registers'
[    0.000000] x86/fpu: Supporting XSAVE feature 0x04: 'AVX registers'
[    0.000000] x86/fpu: Enabled xstate features 0x7, context size is 832 bytes, using 'standard' format.
[    0.000000] e820: BIOS-provided physical RAM map:
[    0.000000] BIOS-e820: [mem 0x0000000000000000-0x000000000009fbff] usable
[    0.000000] BIOS-e820: [mem 0x000000000009fc00-0x000000000009ffff] reserved
[    0.000000] BIOS-e820: [mem 0x00000000000f0000-0x00000000000fffff] reserved
[    0.000000] BIOS-e820: [mem 0x0000000000100000-0x00000000dffeffff] usable
[    0.000000] BIOS-e820: [mem 0x00000000dfff0000-0x00000000dfffffff] ACPI data
[    0.000000] BIOS-e820: [mem 0x00000000fec00000-0x00000000fec00fff] reserved
[    0.000000] BIOS-e820: [mem 0x00000000fee00000-0x00000000fee00fff] reserved
[    0.000000] BIOS-e820: [mem 0x00000000fffc0000-0x00000000ffffffff] reserved
[    0.000000] BIOS-e820: [mem 0x0000000100000000-0x000000011fffffff] usable
[    0.000000] NX (Execute Disable) protection: active
[    0.000000] SMBIOS 2.5 present.
[    0.000000] Hypervisor detected: KVM
[    0.000000] e820: last_pfn = 0x120000 max_arch_pfn = 0x400000000
[    0.000000] MTRR: Disabled
[    0.000000] x86/PAT: MTRRs disabled, skipping PAT initialization too.
[    0.000000] CPU MTRRs all blank - virtualized system.
[    0.000000] x86/PAT: Configuration [0-7]: WB  WT  UC- UC  WB  WT  UC- UC  
[    0.000000] e820: last_pfn = 0xdfff0 max_arch_pfn = 0x400000000
[    0.000000] found SMP MP-table at [mem 0x0009fff0-0x0009ffff] mapped at [ffff88000009fff0]
[    0.000000] Scanning 1 areas for low memory corruption
[    0.000000] RAMDISK: [mem 0x362fc000-0x37175fff]
[    0.000000] ACPI: Early table checksum verification disabled
[    0.000000] ACPI: RSDP 0x00000000000E0000 000024 (v02 VBOX  )
[    0.000000] ACPI: XSDT 0x00000000DFFF0030 00003C (v01 VBOX   VBOXXSDT 00000001 ASL  00000061)
[    0.000000] ACPI: FACP 0x00000000DFFF00F0 0000F4 (v04 VBOX   VBOXFACP 00000001 ASL  00000061)
[    0.000000] ACPI: DSDT 0x00000000DFFF0470 0022EA (v02 VBOX   VBOXBIOS 00000002 INTL 20100528)
[    0.000000] ACPI: FACS 0x00000000DFFF0200 000040
[    0.000000] ACPI: FACS 0x00000000DFFF0200 000040
[    0.000000] ACPI: APIC 0x00000000DFFF0240 00005C (v02 VBOX   VBOXAPIC 00000001 ASL  00000061)
[    0.000000] ACPI: SSDT 0x00000000DFFF02A0 0001CC (v01 VBOX   VBOXCPUT 00000002 INTL 20100528)
[    0.000000] No NUMA configuration found
[    0.000000] Faking a node at [mem 0x0000000000000000-0x000000011fffffff]
[    0.000000] NODE_DATA(0) allocated [mem 0x11fff7000-0x11fffbfff]
[    0.000000] kvm-clock: Using msrs 4b564d01 and 4b564d00
[    0.000000] kvm-clock: cpu 0, msr 1:1ffef001, primary cpu clock
[    0.000000] kvm-clock: using sched offset of 3603798999 cycles
[    0.000000] clocksource: kvm-clock: mask: 0xffffffffffffffff max_cycles: 0x1cd42e4dffb, max_idle_ns: 881590591483 ns
[    0.000000] Zone ranges:
[    0.000000]   DMA      [mem 0x0000000000001000-0x0000000000ffffff]
[    0.000000]   DMA32    [mem 0x0000000001000000-0x00000000ffffffff]
[    0.000000]   Normal   [mem 0x0000000100000000-0x000000011fffffff]
[    0.000000]   Device   empty
[    0.000000] Movable zone start for each node
[    0.000000] Early memory node ranges
[    0.000000]   node   0: [mem 0x0000000000001000-0x000000000009efff]
[    0.000000]   node   0: [mem 0x0000000000100000-0x00000000dffeffff]
[    0.000000]   node   0: [mem 0x0000000100000000-0x000000011fffffff]
[    0.000000] Initmem setup node 0 [mem 0x0000000000001000-0x000000011fffffff]
[    0.000000] ACPI: PM-Timer IO Port: 0x4008
[    0.000000] IOAPIC[0]: apic_id 2, version 32, address 0xfec00000, GSI 0-23
[    0.000000] ACPI: INT_SRC_OVR (bus 0 bus_irq 0 global_irq 2 dfl dfl)
[    0.000000] ACPI: INT_SRC_OVR (bus 0 bus_irq 9 global_irq 9 low level)
[    0.000000] Using ACPI (MADT) for SMP configuration information
[    0.000000] smpboot: Allowing 2 CPUs, 0 hotplug CPUs
[    0.000000] PM: Registered nosave memory: [mem 0x00000000-0x00000fff]
[    0.000000] PM: Registered nosave memory: [mem 0x0009f000-0x0009ffff]
[    0.000000] PM: Registered nosave memory: [mem 0x000a0000-0x000effff]
[    0.000000] PM: Registered nosave memory: [mem 0x000f0000-0x000fffff]
[    0.000000] PM: Registered nosave memory: [mem 0xdfff0000-0xdfffffff]
[    0.000000] PM: Registered nosave memory: [mem 0xe0000000-0xfebfffff]
[    0.000000] PM: Registered nosave memory: [mem 0xfec00000-0xfec00fff]
[    0.000000] PM: Registered nosave memory: [mem 0xfec01000-0xfedfffff]
[    0.000000] PM: Registered nosave memory: [mem 0xfee00000-0xfee00fff]
[    0.000000] PM: Registered nosave memory: [mem 0xfee01000-0xfffbffff]
[    0.000000] PM: Registered nosave memory: [mem 0xfffc0000-0xffffffff]
[    0.000000] e820: [mem 0xe0000000-0xfebfffff] available for PCI devices
[    0.000000] Booting paravirtualized kernel on KVM
[    0.000000] clocksource: refined-jiffies: mask: 0xffffffff max_cycles: 0xffffffff, max_idle_ns: 7645519600211568 ns
[    0.000000] setup_percpu: NR_CPUS:512 nr_cpumask_bits:512 nr_cpu_ids:2 nr_node_ids:1
[    0.000000] PERCPU: Embedded 34 pages/cpu @ffff88011fc00000 s99480 r8192 d31592 u1048576
[    0.000000] Built 1 zonelists in Node order, mobility grouping on.  Total pages: 1032056
[    0.000000] Policy zone: Normal
[    0.000000] Kernel command line: BOOT_IMAGE=/boot/vmlinuz-4.4.0-146-generic root=LABEL=cloudimg-rootfs ro console=tty1 console=ttyS0
[    0.000000] PID hash table entries: 4096 (order: 3, 32768 bytes)
[    0.000000] Memory: 4028248K/4193848K available (8609K kernel code, 1334K rwdata, 4028K rodata, 1484K init, 1284K bss, 165600K reserved, 0K cma-reserved)
[    0.000000] SLUB: HWalign=64, Order=0-3, MinObjects=0, CPUs=2, Nodes=1
[    0.000000] Kernel/User page tables isolation: enabled
[    0.000000] Hierarchical RCU implementation.
[    0.000000] 	Build-time adjustment of leaf fanout to 64.
[    0.000000] 	RCU restricting CPUs from NR_CPUS=512 to nr_cpu_ids=2.
[    0.000000] RCU: Adjusting geometry for rcu_fanout_leaf=64, nr_cpu_ids=2
[    0.000000] NR_IRQS:33024 nr_irqs:440 16
[    0.000000] Console: colour VGA+ 80x25
[    0.000000] console [tty1] enabled
[    0.000000] console [ttyS0] enabled
[    0.000000] tsc: Detected 2712.000 MHz processor
[    0.241986] Calibrating delay loop (skipped) preset value.. 5424.00 BogoMIPS (lpj=10848000)
[    0.243962] pid_max: default: 32768 minimum: 301
[    0.245080] ACPI: Core revision 20150930
[    0.246648] ACPI: 2 ACPI AML tables successfully acquired and loaded
[    0.248159] Security Framework initialized
[    0.249342] Yama: becoming mindful.
[    0.250204] AppArmor: AppArmor initialized
[    0.252482] Dentry cache hash table entries: 524288 (order: 10, 4194304 bytes)
[    0.256823] Inode-cache hash table entries: 262144 (order: 9, 2097152 bytes)
[    0.258606] Mount-cache hash table entries: 8192 (order: 4, 65536 bytes)
[    0.260206] Mountpoint-cache hash table entries: 8192 (order: 4, 65536 bytes)
[    0.263119] Initializing cgroup subsys io
[    0.264088] Initializing cgroup subsys memory
[    0.265145] Initializing cgroup subsys devices
[    0.266189] Initializing cgroup subsys freezer
[    0.267299] Initializing cgroup subsys net_cls
[    0.268337] Initializing cgroup subsys perf_event
[    0.269448] Initializing cgroup subsys net_prio
[    0.270503] Initializing cgroup subsys hugetlb
[    0.271537] Initializing cgroup subsys pids
[    0.273586] mce: CPU supports 0 MCE banks
[    0.274563] Last level iTLB entries: 4KB 64, 2MB 8, 4MB 8
[    0.275792] Last level dTLB entries: 4KB 64, 2MB 0, 4MB 0, 1GB 4
[    0.277169] Spectre V2 : Mitigation: Full generic retpoline
[    0.278433] Spectre V2 : Spectre v2 / SpectreRSB mitigation: Filling RSB on context switch
[    0.280372] Speculative Store Bypass: Vulnerable
[    0.283674] Freeing SMP alternatives memory: 36K
[    0.289468] ftrace: allocating 32287 entries in 127 pages
[    0.333532] smpboot: APIC(0) Converting physical 0 to logical package 0
[    0.336233] smpboot: Max logical packages: 1
[    0.337473] x2apic enabled
[    0.338514] Switched APIC routing to physical x2apic.
[    0.340482] ..TIMER: vector=0x30 apic1=0 pin1=2 apic2=-1 pin2=-1
[    0.449980] smpboot: CPU0: Intel(R) Core(TM) i7-8559U CPU @ 2.70GHz (family: 0x6, model: 0x8e, stepping: 0xa)
[    0.455778] Performance Events: unsupported p6 CPU model 142 no PMU driver, software events only.
[    0.466181] KVM setup paravirtual spinlock
[    0.468389] x86: Booting SMP configuration:
[    0.470201] .... node  #0, CPUs:      #1
[    0.471322] kvm-clock: cpu 1, msr 1:1ffef041, secondary cpu clock
[    0.473623] mce: CPU supports 0 MCE banks
[    0.476394] x86: Booted up 1 node, 2 CPUs
[    0.477513] smpboot: Total of 2 processors activated (10848.00 BogoMIPS)
[    0.479719] devtmpfs: initialized
[    0.481765] evm: security.selinux
[    0.482745] evm: security.SMACK64
[    0.483582] evm: security.SMACK64EXEC
[    0.484522] evm: security.SMACK64TRANSMUTE
[    0.485480] evm: security.SMACK64MMAP
[    0.486375] evm: security.ima
[    0.487118] evm: security.capability
[    0.488130] clocksource: jiffies: mask: 0xffffffff max_cycles: 0xffffffff, max_idle_ns: 7645041785100000 ns
[    0.490782] futex hash table entries: 512 (order: 3, 32768 bytes)
[    0.492324] pinctrl core: initialized pinctrl subsystem
[    0.494183] RTC time: 11:26:20, date: 04/25/19
[    0.495374] NET: Registered protocol family 16
[    0.506388] cpuidle: using governor ladder
[    0.518337] cpuidle: using governor menu
[    0.519975] PCCT header not found.
[    0.520955] ACPI: bus type PCI registered
[    0.521963] acpiphp: ACPI Hot Plug PCI Controller Driver version: 0.5
[    0.524320] PCI: Using configuration type 1 for base access
[    0.539995] ACPI: Added _OSI(Module Device)
[    0.542027] ACPI: Added _OSI(Processor Device)
[    0.543387] ACPI: Added _OSI(3.0 _SCP Extensions)
[    0.544604] ACPI: Added _OSI(Processor Aggregator Device)
[    0.546623] ACPI: Executed 1 blocks of module-level executable AML code
[    0.549672] ACPI: Interpreter enabled
[    0.550588] ACPI: (supports S0 S5)
[    0.551443] ACPI: Using IOAPIC for interrupt routing
[    0.552731] PCI: Using host bridge windows from ACPI; if necessary, use "pci=nocrs" and report a bug
[    0.558757] ACPI: PCI Root Bridge [PCI0] (domain 0000 [bus 00-ff])
[    0.560173] acpi PNP0A03:00: _OSC: OS supports [ASPM ClockPM Segments MSI]
[    0.561918] acpi PNP0A03:00: _OSC: not requesting OS control; OS requires [ExtendedConfig ASPM ClockPM MSI]
[    0.564769] acpi PNP0A03:00: fail to add MMCONFIG information, can't access extended PCI configuration space under this bridge.
[    0.568103] PCI host bridge to bus 0000:00
[    0.569547] pci_bus 0000:00: root bus resource [io  0x0000-0x0cf7 window]
[    0.571072] pci_bus 0000:00: root bus resource [io  0x0d00-0xffff window]
[    0.573289] pci_bus 0000:00: root bus resource [mem 0x000a0000-0x000bffff window]
[    0.581997] pci_bus 0000:00: root bus resource [mem 0xe0000000-0xfdffffff window]
[    0.584910] pci_bus 0000:00: root bus resource [bus 00-ff]
[    0.589217] pci 0000:00:01.1: legacy IDE quirk: reg 0x10: [io  0x01f0-0x01f7]
[    0.590808] pci 0000:00:01.1: legacy IDE quirk: reg 0x14: [io  0x03f6]
[    0.592249] pci 0000:00:01.1: legacy IDE quirk: reg 0x18: [io  0x0170-0x0177]
[    0.593846] pci 0000:00:01.1: legacy IDE quirk: reg 0x1c: [io  0x0376]
[    0.620668] pci 0000:00:07.0: quirk: [io  0x4000-0x403f] claimed by PIIX4 ACPI
[    0.623672] pci 0000:00:07.0: quirk: [io  0x4100-0x410f] claimed by PIIX4 SMB
[    0.643387] ACPI: PCI Interrupt Link [LNKA] (IRQs 5 9 10 *11)
[    0.646343] ACPI: PCI Interrupt Link [LNKB] (IRQs 5 9 *10 11)
[    0.648020] ACPI: PCI Interrupt Link [LNKC] (IRQs 5 *9 10 11)
[    0.649721] ACPI: PCI Interrupt Link [LNKD] (IRQs 5 9 10 *11)
[    0.651441] ACPI: Enabled 2 GPEs in block 00 to 07
[    0.652922] vgaarb: setting as boot device: PCI:0000:00:02.0
[    0.654936] vgaarb: device added: PCI:0000:00:02.0,decodes=io+mem,owns=io+mem,locks=none
[    0.657138] vgaarb: loaded
[    0.657908] vgaarb: bridge control possible 0000:00:02.0
[    0.659411] SCSI subsystem initialized
[    0.660448] ACPI: bus type USB registered
[    0.661437] usbcore: registered new interface driver usbfs
[    0.663067] usbcore: registered new interface driver hub
[    0.664293] usbcore: registered new device driver usb
[    0.665636] PCI: Using ACPI for IRQ routing
[    0.667014] NetLabel: Initializing
[    0.667856] NetLabel:  domain hash size = 128
[    0.668971] NetLabel:  protocols = UNLABELED CIPSOv4
[    0.670192] NetLabel:  unlabeled traffic allowed by default
[    0.671960] amd_nb: Cannot enumerate AMD northbridges
[    0.674680] clocksource: Switched to clocksource kvm-clock
[    0.682153] AppArmor: AppArmor Filesystem Enabled
[    0.683586] pnp: PnP ACPI init
[    0.685763] pnp: PnP ACPI: found 3 devices
[    0.695010] clocksource: acpi_pm: mask: 0xffffff max_cycles: 0xffffff, max_idle_ns: 2085701024 ns
[    0.697461] NET: Registered protocol family 2
[    0.698606] TCP established hash table entries: 32768 (order: 6, 262144 bytes)
[    0.700519] TCP bind hash table entries: 32768 (order: 7, 524288 bytes)
[    0.703185] TCP: Hash tables configured (established 32768 bind 32768)
[    0.705242] UDP hash table entries: 2048 (order: 4, 65536 bytes)
[    0.706611] UDP-Lite hash table entries: 2048 (order: 4, 65536 bytes)
[    0.708109] NET: Registered protocol family 1
[    0.709177] pci 0000:00:00.0: Limiting direct PCI/PCI transfers
[    0.710547] pci 0000:00:01.0: Activating ISA DMA hang workarounds
[    0.712103] Unpacking initramfs...
[    0.889497] Freeing initrd memory: 14824K
[    0.890804] PCI-DMA: Using software bounce buffering for IO (SWIOTLB)
[    0.892634] software IO TLB: mapped [mem 0xdbff0000-0xdfff0000] (64MB)
[    0.894607] platform rtc_cmos: registered platform RTC device (no PNP device found)
[    0.896933] Scanning for low memory corruption every 60 seconds
[    0.899147] audit: initializing netlink subsys (disabled)
[    0.900512] audit: type=2000 audit(1556191585.102:1): initialized
[    0.902471] Initialise system trusted keyring
[    0.903939] HugeTLB registered 2 MB page size, pre-allocated 0 pages
[    0.906815] zbud: loaded
[    0.907828] VFS: Disk quotas dquot_6.6.0
[    0.908862] VFS: Dquot-cache hash table entries: 512 (order 0, 4096 bytes)
[    0.910573] squashfs: version 4.0 (2009/01/31) Phillip Lougher
[    0.912157] fuse init (API version 7.23)
[    0.913216] Key type big_key registered
[    0.914157] Allocating IMA MOK and blacklist keyrings.
[    0.916481] Key type asymmetric registered
[    0.918177] Asymmetric key parser 'x509' registered
[    0.919580] Block layer SCSI generic (bsg) driver version 0.4 loaded (major 249)
[    0.921663] io scheduler noop registered
[    0.922760] io scheduler deadline registered (default)
[    0.924192] io scheduler cfq registered
[    0.925203] pci_hotplug: PCI Hot Plug PCI Core version: 0.5
[    0.926930] pciehp: PCI Express Hot Plug Controller Driver version: 0.4
[    0.928828] ACPI: AC Adapter [AC] (on-line)
[    0.929895] input: Power Button as /devices/LNXSYSTM:00/LNXPWRBN:00/input/input0
[    0.931752] ACPI: Power Button [PWRF]
[    0.932742] input: Sleep Button as /devices/LNXSYSTM:00/LNXSLPBN:00/input/input1
[    0.934550] ACPI: Sleep Button [SLPF]
[    0.935660] GHES: HEST is not enabled!
[    0.936561] ACPI: Battery Slot [BAT0] (battery present)
[    0.938004] Serial: 8250/16550 driver, 32 ports, IRQ sharing enabled
 	
 !"#$%&'()*+,-./0123456789:;<=>?@ABCDEFGHIJKLMNOPQRSTUVWXYZ[\]^_`abcdefghijklmnopqrstuvwxyz{|}~ÄÅÇÉÑÖÜáàâäãåçéèêëíìîïñóòôöõúùûü†°¢£§•¶ß®©™´¨≠ÆØ∞±≤≥¥µ∂∑∏π∫ªºΩæø¿¡¬√ƒ≈∆«»… ÀÃÕŒœ–—“”‘’÷◊ÿŸ⁄€‹›ﬁﬂ‡·‚„‰ÂÊÁËÈÍÎÏÌÓÔÒÚÛÙıˆ˜¯˘˙˚¸˝˛ˇ[    0.964325] 00:02: ttyS0 at I/O 0x3f8 (irq = 4, base_baud = 115200) is a 16550A
[    0.969522] Linux agpgart interface v0.103
[    0.971906] loop: module loaded
[    0.973142] scsi host0: ata_piix
[    0.974879] scsi host1: ata_piix
[    0.975912] ata1: PATA max UDMA/33 cmd 0x1f0 ctl 0x3f6 bmdma 0xd000 irq 14
[    0.977398] ata2: PATA max UDMA/33 cmd 0x170 ctl 0x376 bmdma 0xd008 irq 15
[    0.979018] libphy: Fixed MDIO Bus: probed
[    0.980353] tun: Universal TUN/TAP device driver, 1.6
[    0.981481] tun: (C) 1999-2004 Max Krasnyansky <maxk@qualcomm.com>
[    0.983623] PPP generic driver version 2.4.2
[    0.984714] ehci_hcd: USB 2.0 'Enhanced' Host Controller (EHCI) Driver
[    0.986160] ehci-pci: EHCI PCI platform driver
[    0.987244] ehci-platform: EHCI generic platform driver
[    0.988524] ohci_hcd: USB 1.1 'Open' Host Controller (OHCI) Driver
[    0.989950] ohci-pci: OHCI PCI platform driver
[    0.991055] ohci-platform: OHCI generic platform driver
[    0.992260] uhci_hcd: USB Universal Host Controller Interface driver
[    0.993725] i8042: PNP: PS/2 Controller [PNP0303:PS2K,PNP0f03:PS2M] at 0x60,0x64 irq 1,12
[    0.996058] serio: i8042 KBD port at 0x60,0x64 irq 1
[    0.997211] serio: i8042 AUX port at 0x60,0x64 irq 12
[    0.998595] mousedev: PS/2 mouse device common for all mice
[    1.000341] input: AT Translated Set 2 keyboard as /devices/platform/i8042/serio0/input/input2
[    1.002769] rtc_cmos rtc_cmos: rtc core: registered rtc_cmos as rtc0
[    1.004293] rtc_cmos rtc_cmos: alarms up to one day, 114 bytes nvram
[    1.005721] i2c /dev entries driver
[    1.006597] device-mapper: uevent: version 1.0.3
[    1.008005] device-mapper: ioctl: 4.34.0-ioctl (2015-10-28) initialised: dm-devel@redhat.com
[    1.010037] ledtrig-cpu: registered to indicate activity on CPUs
[    1.011801] NET: Registered protocol family 10
[    1.013045] NET: Registered protocol family 17
[    1.014071] Key type dns_resolver registered
[    1.015409] registered taskstats version 1
[    1.016397] Loading compiled-in X.509 certificates
[    1.017970] Loaded X.509 cert 'Build time autogenerated kernel key: 4dcb2dc2c7cf43e0c20c44384f68683c20294489'
[    1.020448] zswap: loaded using pool lzo/zbud
[    1.022878] Key type trusted registered
[    1.026565] Key type encrypted registered
[    1.027575] AppArmor: AppArmor sha1 policy hashing enabled
[    1.028848] ima: No TPM chip found, activating TPM-bypass!
[    1.030107] ima: Allocated hash algorithm: sha1
[    1.031211] evm: HMAC attrs: 0x1
[    1.032421]   Magic number: 15:406:429
[    1.033389] rtc_cmos rtc_cmos: setting system clock to 2019-04-25 11:26:20 UTC (1556191580)
[    1.035437] BIOS EDD facility v0.16 2004-Jun-25, 0 devices found
[    1.036784] EDD information not available.
[    1.137809] Freeing unused kernel memory: 1484K
[    1.140075] Write protecting the kernel read-only data: 14336k
[    1.142204] Freeing unused kernel memory: 1620K
[    1.143677] Freeing unused kernel memory: 68K
Loading, please wait...
starting version 229
[    1.155237] random: systemd-udevd: uninitialized urandom read (16 bytes read, 3 bits of entropy available)
[    1.155793] random: udevadm: uninitialized urandom read (16 bytes read, 3 bits of entropy available)
[    1.155807] random: udevadm: uninitialized urandom read (16 bytes read, 3 bits of entropy available)
[    1.161440] random: udevadm: uninitialized urandom read (16 bytes read, 3 bits of entropy available)
[    1.161469] random: udevadm: uninitialized urandom read (16 bytes read, 3 bits of entropy available)
[    1.161557] random: udevadm: uninitialized urandom read (16 bytes read, 3 bits of entropy available)
[    1.161590] random: udevadm: uninitialized urandom read (16 bytes read, 3 bits of entropy available)
[    1.161621] random: udevadm: uninitialized urandom read (16 bytes read, 3 bits of entropy available)
[    1.161653] random: udevadm: uninitialized urandom read (16 bytes read, 3 bits of entropy available)
[    1.161684] random: udevadm: uninitialized urandom read (16 bytes read, 3 bits of entropy available)
[    1.196726] e1000: Intel(R) PRO/1000 Network Driver - version 7.3.21-k8-NAPI
[    1.199355] e1000: Copyright (c) 1999-2006 Intel Corporation.
[    1.202598] Fusion MPT base driver 3.04.20
[    1.204071] Copyright (c) 1999-2008 LSI Corporation
[    1.220306] AVX2 version of gcm_enc/dec engaged.
[    1.222311] AES CTR mode by8 optimization enabled
[    1.228544] Fusion MPT SPI Host driver 3.04.20
[    1.410155] input: ImExPS/2 Generic Explorer Mouse as /devices/platform/i8042/serio1/input/input4
[    1.607462] e1000 0000:00:03.0 eth0: (PCI:33MHz:32-bit) 02:1a:9f:89:13:60
[    1.609527] e1000 0000:00:03.0 eth0: Intel(R) PRO/1000 Network Connection
[    1.611617] mptbase: ioc0: Initiating bringup
[    2.326258] tsc: Refined TSC clocksource calibration: 2710.900 MHz
[    2.329480] clocksource: tsc: mask: 0xffffffffffffffff max_cycles: 0x2713778cd76, max_idle_ns: 440795330459 ns
[    2.371924] ioc0: LSI53C1030 A0: Capabilities={Initiator}
[    2.539059] scsi host2: ioc0: LSI53C1030 A0, FwRev=00000000h, Ports=1, MaxQ=256, IRQ=20
[    2.653797] scsi 2:0:0:0: Direct-Access     VBOX     HARDDISK         1.0  PQ: 0 ANSI: 5
[    2.665635] scsi target2:0:0: Beginning Domain Validation
[    2.669078] scsi target2:0:0: Domain Validation skipping write tests
[    2.670923] scsi target2:0:0: Ending Domain Validation
[    2.672289] scsi target2:0:0: asynchronous
[    2.673834] scsi 2:0:1:0: Direct-Access     VBOX     HARDDISK         1.0  PQ: 0 ANSI: 5
[    2.675791] scsi target2:0:1: Beginning Domain Validation
[    2.678281] scsi target2:0:1: Domain Validation skipping write tests
[    2.679872] scsi target2:0:1: Ending Domain Validation
[    2.681152] scsi target2:0:1: asynchronous
[    2.699402] sd 2:0:0:0: Attached scsi generic sg0 type 0
[    2.701083] sd 2:0:0:0: [sda] 20971520 512-byte logical blocks: (10.7 GB/10.0 GiB)
[    2.703224] sd 2:0:1:0: [sdb] 20480 512-byte logical blocks: (10.5 MB/10.0 MiB)
[    2.705123] sd 2:0:1:0: Attached scsi generic sg1 type 0
[    2.707763] sd 2:0:1:0: [sdb] Write Protect is off
[    2.708949] sd 2:0:0:0: [sda] Write Protect is off
[    2.710641] sd 2:0:1:0: [sdb] Incomplete mode parameter data
[    2.712011] sd 2:0:1:0: [sdb] Assuming drive cache: write through
[    2.713480] sd 2:0:0:0: [sda] Incomplete mode parameter data
[    2.714847] sd 2:0:0:0: [sda] Assuming drive cache: write through
[    2.718344] sd 2:0:1:0: [sdb] Attached SCSI disk
[    2.719569]  sda: sda1
[    2.720924] sd 2:0:0:0: [sda] Attached SCSI disk
[    3.208830] e1000 0000:00:08.0 eth1: (PCI:33MHz:32-bit) 08:00:27:dc:57:2d
[    3.210962] e1000 0000:00:08.0 eth1: Intel(R) PRO/1000 Network Connection
[    3.213446] e1000 0000:00:03.0 enp0s3: renamed from eth0
[    3.231651] e1000 0000:00:08.0 enp0s8: renamed from eth1
Begin: Loading essential drivers ... [    4.475611] md: linear personality registered for level -1
[    4.479765] md: multipath personality registered for level -4
[    4.483682] md: raid0 personality registered for level 0
[    4.488379] md: raid1 personality registered for level 1
[    4.558706] raid6: sse2x1   gen() 14369 MB/s
[    4.626980] raid6: sse2x1   xor() 10881 MB/s
[    4.694757] raid6: sse2x2   gen() 16746 MB/s
[    4.762953] raid6: sse2x2   xor() 11993 MB/s
[    4.831002] raid6: sse2x4   gen() 19784 MB/s
[    4.903537] raid6: sse2x4   xor() 13750 MB/s
[    4.973805] raid6: avx2x1   gen() 30095 MB/s
[    5.042956] raid6: avx2x2   gen() 33020 MB/s
[    5.111240] raid6: avx2x4   gen() 36996 MB/s
[    5.113384] raid6: using algorithm avx2x4 gen() 36996 MB/s
[    5.115071] raid6: using avx2x2 recovery algorithm
[    5.117232] xor: automatically using best checksumming function:
[    5.154881]    avx       : 34821.000 MB/sec
[    5.158385] async_tx: api initialized (async)
[    5.169480] md: raid6 personality registered for level 6
[    5.171382] md: raid5 personality registered for level 5
[    5.172646] md: raid4 personality registered for level 4
[    5.179856] md: raid10 personality registered for level 10
done.
Begin: Running /scripts/init-premount ... done.
Begin: Mounting root file system ... Begin: Running /scripts/local-top ... done.
Begin: Running /scripts/local-premount ... [    5.203553] Btrfs loaded
Scanning for Btrfs filesystems
done.
Warning: fsck not present, so skipping root file system
[    5.225353] EXT4-fs (sda1): mounted filesystem with ordered data mode. Opts: (null)
done.
Begin: Running /scripts/local-bottom ... done.
Begin: Running /scripts/init-bottom ... done.
[    5.309462] systemd[1]: systemd 229 running in system mode. (+PAM +AUDIT +SELINUX +IMA +APPARMOR +SMACK +SYSVINIT +UTMP +LIBCRYPTSETUP +GCRYPT +GNUTLS +ACL +XZ -LZ4 +SECCOMP +BLKID +ELFUTILS +KMOD -IDN)
[    5.313731] systemd[1]: Detected virtualization oracle.
[    5.314962] systemd[1]: Detected architecture x86-64.

Welcome to [1mUbuntu 16.04.6 LTS[0m!

[    5.319430] systemd[1]: Set hostname to <ubuntu>.
[    5.322594] systemd[1]: Initializing machine ID from random generator.
[    5.324165] systemd[1]: Installed transient /etc/machine-id file.
[    5.428582] systemd[1]: Listening on Journal Socket (/dev/log).
[[0;32m  OK  [0m] Listening on Journal Socket (/dev/log).
[    5.431342] systemd[1]: Listening on udev Kernel Socket.
[[0;32m  OK  [0m] Listening on udev Kernel Socket.
[    5.433735] systemd[1]: Reached target User and Group Name Lookups.
[[0;32m  OK  [0m] Reached target User and Group Name Lookups.
[    5.436688] systemd[1]: Started Forward Password Requests to Wall Directory Watch.
[[0;32m  OK  [0m] Started Forward Password Requests to Wall Directory Watch.
[    5.440192] systemd[1]: Started Trigger resolvconf update for networkd DNS.
[[0;32m  OK  [0m] Started Trigger resolvconf update for networkd DNS.
[    5.443274] systemd[1]: Listening on LVM2 poll daemon socket.
[[0;32m  OK  [0m] Listening on LVM2 poll daemon socket.
[    5.445838] systemd[1]: Listening on Journal Socket.
[[0;32m  OK  [0m] Listening on Journal Socket.
[    5.448232] systemd[1]: Set up automount Arbitrary Executable File Formats File System Automount Point.
[[0;32m  OK  [0m] Set up automount Arbitrary Executab...ats File System Automount Point.
[    5.452275] systemd[1]: Reached target Encrypted Volumes.
[[0;32m  OK  [0m] Reached target Encrypted Volumes.
[    5.454731] systemd[1]: Listening on Device-mapper event daemon FIFOs.
[[0;32m  OK  [0m] Listening on Device-mapper event daemon FIFOs.
[    5.457792] systemd[1]: Listening on udev Control Socket.
[[0;32m  OK  [0m] Listening on udev Control Socket.
[    5.460490] systemd[1]: Created slice System Slice.
[[0;32m  OK  [0m] Created slice System Slice.
[    5.479368] systemd[1]: Starting Load Kernel Modules...
         Starting Load Kernel Modules...
[    5.488542] Loading iSCSI transport class v2.0-870.
[    5.491399] systemd[1]: Starting Uncomplicated firewall...
         Starting Uncomplicated firewall...
[    5.494446] systemd[1]: Mounting Huge Pages File System...
         Mounting Huge Pages File System...
[    5.497653] systemd[1]: Starting Create list of required static device nodes for the current kernel...
[    5.500597] iscsi: registered transport (tcp)
         Starting Create list of required st... nodes for the current kernel...
[    5.504301] systemd[1]: Starting Remount Root and Kernel File Systems...
         Starting Remount Root and Kernel File Systems...
[    5.508023] systemd[1]: Mounting POSIX Message Queue File System...
         Mounting POSIX Message Queue File System...
[    5.511971] systemd[1]: Starting Nameserver information manager...
         Starting Nameserver information manager...
[    5.515362] systemd[1]: Starting Set console keymap...
         Starting Set console keymap...
[    5.517841] EXT4-fs (sda1): re-mounted. Opts: (null)
[    5.519525] systemd[1]: Listening on Syslog Socket.
[[0;32m  OK  [0m] Listening on Syslog Socket.
[    5.522098] systemd[1]: Created slice system-serial\x2dgetty.slice.
[[0;32m  OK  [0m] Created slice system-serial\x2dgetty.slice.
[    5.525841] systemd[1]: Listening on LVM2 metadata daemon socket.
[[0;32m  OK  [0m] Listening on LVM2 metadata daemon socket.
[    5.530000] systemd[1]: Starting Monitoring of LVM2 mirrors, snapshots etc. using dmeventd or progress polling...
         Starting Monitoring of LVM2 mirrors... dmeventd or progress polling...
[    5.535736] systemd[1]: Mounting Debug File System...
         Mounting Debug File System...
[    5.543143] systemd[1]: Created slice User and Session Slice.
[[0;32m  OK  [0m] Created slice User and Session Slice.
[    5.545924] systemd[1]: Reached target Slices.
[[0;32m  OK  [0m] Reached target Slices.
[    5.548218] systemd[1]: Listening on Journal Audit Socket.
[[0;32m  OK  [0m] Listening on Journal Audit Socket.
[    5.551159] systemd[1]: Reached target System Time Synchronized.
[[0;32m  OK  [0m] Reached target System Time Synchronized.
[    5.554075] systemd[1]: Listening on /dev/initctl Compatibility Named Pipe.
[[0;32m  OK  [0m] Listening on /dev/initctl Compatibility Named Pipe.
[    5.558356] systemd[1]: Reached target Swap.
[[0;32m  OK  [0m] Reached target Swap.
[    5.561313] systemd[1]: Starting Journal Service...
         Starting Journal Service...
[    5.565246] systemd[1]: Mounted Huge Pages File System.
[    5.566687] iscsi: registered transport (iser)
[[0;32m  OK  [0m] Mounted Huge Pages File System.
[    5.569143] systemd[1]: Mounted Debug File System.
[[0;32m  OK  [0m] Mounted Debug File System.
[    5.571573] systemd[1]: Mounted POSIX Message Queue File System.
[[0;32m  OK  [0m] Mounted POSIX Message Queue File System.
[    5.575156] systemd[1]: Started Load Kernel Modules.
[[0;32m  OK  [0m] Started Load Kernel Modules.
[    5.578379] systemd[1]: Started Uncomplicated firewall.
[[0;32m  OK  [0m] Started Uncomplicated firewall.
[    5.581704] systemd[1]: Started Create list of required static device nodes for the current kernel.
[[0;32m  OK  [0m] Started Create list of required sta...ce nodes for the current kernel.
[    5.586375] systemd[1]: Started Remount Root and Kernel File Systems.
[[0;32m  OK  [0m] Started Remount Root and Kernel File Systems.
[    5.608938] systemd[1]: Started Set console keymap.
[[0;32m  OK  [0m] Started Set console keymap.
[    5.613959] systemd[1]: Started Nameserver information manager.
[[0;32m  OK  [0m] Started Nameserver information manager.
[    5.624262] systemd[1]: Started Journal Service.
[[0;32m  OK  [0m] Started Journal Service.
[[0;32m  OK  [0m] Started LVM2 metadata daemon.
         Starting Flush Journal to Persistent Storage...
         Starting Load/Save Random Seed...
         Starting udev Coldplug all Devices...
         Starting Create Static Device Nodes in /dev...
         Mounting FUSE Control File System...
         Starting Apply Kernel Variables...
[[0;32m  OK  [0m] Started Load/Save Random Seed.
[[0;32m  OK  [0m] Mounted FUSE Control File System.
[[0;32m  OK  [0m] Started Create Static Device Nodes in /dev.
[[0;32m  OK  [0m] Started Apply Kernel Variables.
[[0;32m  OK  [0m] Started Flush Journal to Persistent Storage.
[[0;32m  OK  [0m] Started udev Coldplug all Devices.
         Starting udev Kernel Device Manager...
[[0;32m  OK  [0m] Started udev Kernel Device Manager.
[[0;32m  OK  [0m] Started Dispatch Password Requests to Console Directory Watch.
[[0;32m  OK  [0m] Found device /dev/ttyS0.
[[0;32m  OK  [0m] Listening on Load/Save RF Kill Switch Status /dev/rfkill Watch.
[[0;32m  OK  [0m] Started Monitoring of LVM2 mirrors,...ng dmeventd or progress polling.
[[0;32m  OK  [0m] Reached target Local File Systems (Pre).
[[0;32m  OK  [0m] Reached target Local File Systems.
         Starting Initial cloud-init job (pre-networking)...
         Starting LSB: AppArmor initialization...
         Starting Commit a transient machine-id on disk...
         Starting Set console font and keymap...
         Starting Tell Plymouth To Write Out Runtime Data...
         Starting Create Volatile Files and Directories...
[[0;32m  OK  [0m] Started Create Volatile Files and Directories.
         Starting Update UTMP about System Boot/Shutdown...
[[0;32m  OK  [0m] Started Tell Plymouth To Write Out Runtime Data.
[[0;32m  OK  [0m] Started Commit a transient machine-id on disk.
[[0;32m  OK  [0m] Started Update UTMP about System Boot/Shutdown.
[[0;32m  OK  [0m] Started Set console font and keymap.
[[0;32m  OK  [0m] Created slice system-getty.slice.
[[0;32m  OK  [0m] Started LSB: AppArmor initialization.
[    6.621914] cloud-init[611]: Cloud-init v. 18.5-45-g3554ffe8-0ubuntu1~16.04.1 running 'init-local' at Thu, 25 Apr 2019 11:26:26 +0000. Up 6.35 seconds.
[[0;32m  OK  [0m] Started Initial cloud-init job (pre-networking).
[[0;32m  OK  [0m] Reached target Network (Pre).
         Starting Raise network interfaces...
[[0;32m  OK  [0m] Started Raise network interfaces.
[[0;32m  OK  [0m] Reached target Network.
         Starting Initial cloud-init job (metadata service crawler)...
[    7.370792] cloud-init[959]: Cloud-init v. 18.5-45-g3554ffe8-0ubuntu1~16.04.1 running 'init' at Thu, 25 Apr 2019 11:26:26 +0000. Up 7.01 seconds.
[    7.373734] cloud-init[959]: ci-info: ++++++++++++++++++++++++++++++++++++++Net device info+++++++++++++++++++++++++++++++++++++++
[    7.376814] cloud-init[959]: ci-info: +--------+-------+----------------------------+---------------+--------+-------------------+
[    7.384364] cloud-init[959]: ci-info: | Device |   Up  |          Address           |      Mask     | Scope  |     Hw-Address    |
[    7.386878] cloud-init[959]: ci-info: +--------+-------+----------------------------+---------------+--------+-------------------+
[    7.389355] cloud-init[959]: ci-info: | enp0s3 |  True |         10.0.2.15          | 255.255.255.0 | global | 02:1a:9f:89:13:60 |
[    7.396384] cloud-init[959]: ci-info: | enp0s3 |  True | fe80::1a:9fff:fe89:1360/64 |       .       |  link  | 02:1a:9f:89:13:60 |
[    7.400687] cloud-init[959]: ci-info: | enp0s8 | False |             .              |       .       |   .    | 08:00:27:dc:57:2d |
[    7.404608] cloud-init[959]: ci-info: |   lo   |  True |         127.0.0.1          |   255.0.0.0   |  host  |         .         |
[    7.412255] cloud-init[959]: ci-info: |   lo   |  True |          ::1/128           |       .       |  host  |         .         |
[    7.414656] cloud-init[959]: ci-info: +--------+-------+----------------------------+---------------+--------+-------------------+
[    7.420760] cloud-init[959]: ci-info: +++++++++++++++++++++++++++Route IPv4 info++++++++++++++++++++++++++++
[    7.427503] cloud-init[959]: ci-info: +-------+-------------+----------+---------------+-----------+-------+
[    7.429230] cloud-init[959]: ci-info: | Route | Destination | Gateway  |    Genmask    | Interface | Flags |
[    7.431371] cloud-init[959]: ci-info: +-------+-------------+----------+---------------+-----------+-------+[[0;32m  OK  [0m] Started Initial cloud-init job (metadata service crawler).
[[0;32m  OK  [0m] Reached target Network is Online.

[    7.436610] cloud-init[959]: ci-info: |   0   |   0.0.0.0   | 10.0.2.2 |    0.0.0.0    |   enp0s3  |   UG  |
[    7.439324] cloud-init[959]: ci-info: |   1   |   10.0.2.0  | 0.0.0.0  | 255.255.255.0 |   enp0s3  |   U   |
[    7.441607] cloud-init[959]: ci-info: +-------+-------------+----------+---------------+-----------+-------+
[    7.443710] cloud-init[959]: ci-info: +++++++++++++++++++Route IPv6 info+++++++++++++++++++
[    7.445599] cloud-init[959]: ci-info: +-------+-------------+---------+-----------+-------+
[    7.447634] cloud-init         Starting iSCSI initiator daemon (iscsid)...
[[0;32m  OK  [0m] Reached target System Initialization.
[[0;32m  OK  [0m] Listening on UUID daemon activation socket.
[[0;32m  OK  [0m] Started Daily Cleanup of Temporary Directories.
[[0;32m  OK  [0m] Listening on ACPID Listen Socket.
[959]: ci-info: | Route | Destination | Gateway | Interface | Flags |
[    7.454478]          Starting LXD - unix socket.
[[0;32m  OK  [0m] Started Daily apt download activities.
[[0;32m  OK  [0m] Started Daily apt upgrade and clean activities.
[[0;32m  OK  [0m] Reached target Timers.
         Starting Socket activation for snappy daemon.
[[0;32m  OK  [0m] Listening on D-Bus System Message Bus Socket.
cloud-init[959]: ci-info: +-------+-------------+---------+-----------+-------+
[[0;32m  OK  [0m] Started ACPI Events Check.
[[0;32m  OK  [0m] Reached target Paths.
[[0;32m  OK  [0m] Reached target Cloud-config availability.
[[0;32m  OK  [0m] Listening on LXD - unix socket.
[[0;32m  OK  [0m] Listening on Socket activation for snappy daemon.
[    7.476614] [[0;32m  OK  [0m] Reached target Sockets.
[[0;32m  OK  [0m] Reached target Basic System.
cloud-init[959]: ci-info: |   0   |  fe80::/64  |    ::   |   enp0s3  |   U   |
         Starting /etc/rc.local Compatibility...
[    7.491021] cloud-init[959]: ci-info: |   3   |   ff00::/8  |    ::   |   enp0s3  |   U   |
[    7.495836] cloud-init[959]: ci-info: +-------+-------------+---------+-----------+-------+
[[0;32m  OK  [0m] Started ACPI event daemon.
[    7.496218] cloud-init[959]: Generating public/private rsa key pair.
[[    7.500321] cloud-init[959]: Your identification has been saved in /etc/ssh/ssh_host_rsa_key.
[    7.501054] cloud-init[959]: Your public key has been saved in /etc/ssh/ssh_host_rsa_key.pub.
[    7.501966] cloud-init[959]: The key fingerprint is:
[    7.502735] cloud-init[959]: SHA256:rCWU5K9l5JOPNy5uByHb6LW/hUWMQUYkV0mUVQYoS8I root@ubuntu-xenial
[    7.503471] cloud-init[959]: The key's randomart image is:
[    7.504696] cloud-init[959]: +---[RSA 2048]----+
[    7.505393] cloud-init[959]: |      ...+B++=ooo|
[    7.506095] cloud-init[959]: |     o .E+o++  . |
[    7.506562] cloud-init[959]: |      + .o.oo    |
[    7.507027] cloud-init[959]: |     ..=....     |
[    7.507493] cloud-init[959]: |      .=S.  .    |
[    7.508455] cloud-init[959]: |      oB++ o     |
[    7.509127] cloud-init[959]: |     .o..o= .    |
[    7.509823] cloud-init[959]: |      . +o.o     |
[    7.510589] cloud-init[959]: |       o.++.     |
[    7.511277] cloud-init[959]: +----[SHA256]-----+
[    7.511975] cloud-init[959]: Generating public/private dsa key pair.
[    7.512687] cloud-init[959]: Your identification has been saved in /etc/ssh/ssh_host_dsa_key.
[    7.513381] cloud-init[959]: Your public key has been saved in /etc/ssh/ssh_host_dsa_key.pub.
[    7.513848] cloud-init[959]: The key fingerprint is:
[    7.514317] cloud-init[959]: SHA256:jPsxxsTULrhqbmex6xwDp5prj7rhLvlv1ODxCo7pMdA root@ubuntu-xenial
[    7.514787] cloud-init[959]: The key's randomart image is:
[    7.515482] cloud-init[959]: +---[DSA 1024]----+
[    7.515951] cloud-init[959]: |                 |
[    7.516680] cloud-init[959]: |         .       |
[    7.517374] cloud-init[959]: |        . .      |
[    7.518074] cloud-init[959]: | .  o  * .       |
[    7.518772] cloud-init[959]: |. E..=+ S .      |
[    7.519241] cloud-init[959]: |. . o++= .       |
[    7.519710] cloud-init[959]: |.B o..=o=        |
[    7.520674] cloud-init[959]: |*.=+=o+= o       |
[    7.521365] cloud-init[959]: |*O*O=++..        |
[    7.522065] cloud-init[959]: +----[SHA256]-----+
[    7.522537] cloud-init[959]: Generating public/private ecdsa key pair.
[    7.523003] cloud-init[959]: Your identification has been saved in /etc/ssh/ssh_host_ecdsa_key.
[    7.523699] cloud-init[959]: Your public key has been saved in /etc/ssh/ssh_host_ecdsa_key.pub.
[    7.524679] cloud-init[959]: The key fingerprint is:
[    7.525386] cloud-init[959]: SHA256:ZDTU48YEU5bHmcE+OYehmLioWUipN+WleX8LOb/hRZo root@ubuntu-xenial
[    7.526090] cloud-init[959]: The key's randomart image is:
[    7.526557] cloud-init[959]: +---[ECDSA 256]---+
[    7.527026] cloud-init[959]: |       .*+o+.+   |
[    7.528369] cloud-init[959]: |       . += B    |
[    7.529242] cloud-init[959]: |   .   .o* = +   |
[    7.530376] cloud-init[959]: |  o . ooo = * .  |
[    7.531187] cloud-init[959]: | o + = .S.  .+   |
[    7.532933] cloud-init[959]: |. + * o  . +     |
[    7.533027] cloud-init[959]: | . = . .+ E .    |
[    7.533225] cloud-init[959]: |  o     .=.o     |
[    7.534403] cloud-init[959]: |         .=o     |
[    7.535022] cloud-init[959]: +----[SHA256]-----+
[    7.536942] cloud-init[959]: Generating public/private ed25519 key pair.
[    7.537923] cloud-init[959]: Your identification has been saved in /etc/ssh/ssh_host_ed25519_key.
[    7.538606] cloud-init[959]: Your public key has been saved in /etc/ssh/ssh_host_ed25519_key.pub.
[    7.539328] cloud-init[959]: The key fingerprint is:
[    7.540537] cloud-init[959]: SHA256:wf0WvMYOwyWSpzx3Ej5Jr5juAFtFS7aNGV5Qe7zsq/U root@ubuntu-xenial
[    7.541238] cloud-init[959]: The key's randomart image is:
[    7.541709] cloud-init[959]: +--[ED25519 256]--+
[    7.542459] cloud-init[959]: |        *oo      |
[    7.543169] cloud-init[959]: |       * @ +     |
[    7.544172] cloud-init[959]: |        % O *    |
[    7.544831] cloud-init[959]: |       o O @ +   |
[    7.545556] cloud-init[959]: |    . . S X @    |
[    7.546510] cloud-init[959]: |     +   = %     |
[    7.547218] cloud-init[959]: |    . . o . +    |
[    7.547738] cloud-init[959]: |       o   . o   |
[    7.549050] cloud-init[959]: |       .o ... E  |
[    7.549749] cloud-init[959]: +----[SHA256]-----+
[0;32m  OK  [0m] Started D-Bus System Message Bus.
         Starting Accounts Service...
         Starting System Logging Service...
[[0;32m  OK  [0m] Started Regular background program processing daemon.
         Starting LSB: Record successful boot for GRUB...
         Starting Login Service...
[[0;32m  OK  [0m] Started Deferred execution scheduler.
[[0;32m  OK  [0m] Started Unattended Upgrades Shutdown.
         Starting Pollinate to seed the pseudo random number generator...
         Starting Virtualbox guest utils...
         Starting Snappy daemon...
         Starting LSB: MD monitoring daemon...
[[0;32m  OK  [0m] Started FUSE filesystem for LXC.
         Starting LXD - container startup/shutdown...
[[0;32m  OK  [0m] Started System Logging Service.
[[0;32m  OK  [0m] Started /etc/rc.local Compatibility.
[[0;32m  OK  [0m] Started iSCSI initiator daemon (iscsid).
[[0;32m  OK  [0m] Started LSB: Record successful boot for GRUB.
         Starting Authenticate and Authorize Users to Run Privileged Tasks...
         Starting Login to default iSCSI targets...
[[0;32m  OK  [0m] Started LSB: MD monitoring daemon.
[[0;32m  OK  [0m] Started LXD - container startup/shutdown.
[[0;32m  OK  [0m] Started Login Service.
[[0;32m  OK  [0m] Started Authenticate and Authorize Users to Run Privileged Tasks.
[[0;32m  OK  [0m] Started Accounts Service.
[[0;32m  OK  [0m] Started Login to default iSCSI targets.
[[0;32m  OK  [0m] Reached target Remote File Systems (Pre).
[[0;32m  OK  [0m] Reached target Remote File Systems.
         Starting LSB: daemon to balance interrupts for SMP systems...
         Starting Permit User Sessions...
         Starting LSB: Set the CPU Frequency Scaling governor to "ondemand"...
         Starting LSB: automatic crash report generation...
[[0;32m  OK  [0m] Started Permit User Sessions.
         Starting Hold until boot process finishes up...
         Starting Terminate Plymouth Boot Screen...
[[0;32m  OK  [0m] Started Snappy daemon.
[[0;32m  OK  [0m] Started Virtualbox guest utils.
[[0;32m  OK  [0m] Started LSB: daemon to balance interrupts for SMP systems.
[[0;32m  OK  [0m] Started Hold until boot process finishes up.
[[0;32m  OK  [0m] Started LSB: Set the CPU Frequency Scaling governor to "ondemand".
[[0;32m  OK  [0m] Started Terminate Plymouth Boot Screen.
[[0;32m  OK  [0m] Started Getty on tty1.
[[0;32m  OK  [0m] Started Serial Getty on ttyS0.
[[0;32m  OK  [0m] Reached target Login Prompts.
         Starting Set console scheme...
         Starting Wait until snapd is fully seeded...
[[0;32m  OK  [0m] Started LSB: automatic crash report generation.
[[0;32m  OK  [0m] Started Set console scheme.
[[0;32m  OK  [0m] Started Pollinate to seed the pseudo random number generator.
         Starting OpenBSD Secure Shell server...
[[0;32m  OK  [0m] Started OpenBSD Secure Shell server.
[[0;32m  OK  [0m] Started Wait until snapd is fully seeded.
         Starting Apply the settings specified in cloud-config...
[[0;32m  OK  [0m] Reached target Multi-User System.
[[0;32m  OK  [0m] Reached target Graphical Interface.
         Starting Update UTMP about System Runlevel Changes...
[[0;32m  OK  [0m] Started Update UTMP about System Runlevel Changes.
[   11.119974] cloud-init[1292]: Generating locales (this might take a while)...
[   11.627515] cloud-init[1292]:   en_US.UTF-8... done
[   11.629491] cloud-init[1292]: Generation complete.
[[0;32m  OK  [0m] Created slice User Slice of vagrant.
         Starting User Manager for UID 1000...
[[0;32m  OK  [0m] Started Session 1 of user vagrant.
[   11.839083] cloud-init[1292]: Cloud-init v. 18.5-45-g3554ffe8-0ubuntu1~16.04.1 running 'modules:config' at Thu, 25 Apr 2019 11:26:30 +0000. Up 11.05 seconds.
[[0;32m  OK  [0m] Started User Manager for UID 1000.
[[0;32m  OK  [0m] Started Apply the settings specified in cloud-config.
         Starting Execute cloud user/final scripts...
ci-info: no authorized ssh keys fingerprints found for user ubuntu.
<14>Apr 25 11:26:31 ec2: 
<14>Apr 25 11:26:31 ec2: #############################################################
<14>Apr 25 11:26:31 ec2: -----BEGIN SSH HOST KEY FINGERPRINTS-----
<14>Apr 25 11:26:31 ec2: 1024 SHA256:jPsxxsTULrhqbmex6xwDp5prj7rhLvlv1ODxCo7pMdA root@ubuntu-xenial (DSA)
<14>Apr 25 11:26:31 ec2: 256 SHA256:ZDTU48YEU5bHmcE+OYehmLioWUipN+WleX8LOb/hRZo root@ubuntu-xenial (ECDSA)
<14>Apr 25 11:26:31 ec2: 256 SHA256:wf0WvMYOwyWSpzx3Ej5Jr5juAFtFS7aNGV5Qe7zsq/U root@ubuntu-xenial (ED25519)
<14>Apr 25 11:26:31 ec2: 2048 SHA256:rCWU5K9l5JOPNy5uByHb6LW/hUWMQUYkV0mUVQYoS8I root@ubuntu-xenial (RSA)
<14>Apr 25 11:26:31 ec2: -----END SSH HOST KEY FINGERPRINTS-----
<14>Apr 25 11:26:31 ec2: #############################################################
-----BEGIN SSH HOST KEY KEYS-----
ecdsa-sha2-nistp256 AAAAE2VjZHNhLXNoYTItbmlzdHAyNTYAAAAIbmlzdHAyNTYAAABBBBpUOaBL2TCcCsPXEzAPlQqjj2iiqbdaMq62gSgKCzQQdWwXUlwwUl+utxbvS6mxqSk7wZCvoGPu626hbHK0LbE= root@ubuntu-xenial
ssh-ed25519 AAAAC3NzaC1lZDI1NTE5AAAAIB+R4hbnyDWfP9LNhznVHMAArgJm/7ybTGJZONXB617x root@ubuntu-xenial
ssh-rsa AAAAB3NzaC1yc2EAAAADAQABAAABAQDqOtwDj2uMHR488yTpGUXZUMc/VQRNXd/gZ9Z6TMy9hdFhIZLIFXAUbdG/hGbww7C/hQZws4VGseEZL64WixqDETsSsZarAk/u9tI3xqo9Na6g3LWSvenGdjiw5haCgmZStR6uW2agPLkRZ4wuKdo5jjDDmVCOFPSoXuUhGClAgxu6CNiqIw0wuKr4cWI4B7rwbZ1qsEarVQu8jRuoD8P8uoxJhL5mZc9MHrruAmsvX6Kz4lmDex+e6LFK4VFOIF7136UcPpcz2Lj71BAlXBqONLD7dF7vV2C9BzvFVCIuKDq+HTVqWCPh2VPxc8Ahn12GwXKLrznIhpJSr1PvIH13 root@ubuntu-xenial
-----END SSH HOST KEY KEYS-----
[   12.193884] cloud-init[1356]: Cloud-init v. 18.5-45-g3554ffe8-0ubuntu1~16.04.1 running 'modules:final' at Thu, 25 Apr 2019 11:26:31 +0000. Up 12.06 seconds.
[   12.204557] cloud-init[1356]: ci-info: no authorized ssh keys fingerprints found for user ubuntu.
[   12.207916] cloud-init[1356]: Cloud-init v. 18.5-45-g3554ffe8-0ubuntu1~16.04.1 finished at Thu, 25 Apr 2019 11:26:32 +0000. Datasource DataSourceNoCloud [seed=/dev/sdb][dsmode=net].  Up 12.18 seconds
[[0;32m  OK  [0m] Started Execute cloud user/final scripts.
[[0;32m  OK  [0m] Reached target Cloud-init target.

Ubuntu 16.04.6 LTS ubuntu-xenial ttyS0

ubuntu-xenial login: 